// 重构日志: 16e4c894
// 重构日志: 480f1c4b
// 重构日志: a69b595e
// 重构日志: 4bb12f76
// 重构日志: 21d82619
// 同步 ID: c2b3c97b @ Sat Jul 18 00:59:17 UTC 2026
// 重构日志: 8e124ea4
// 重构日志: f1751f4b
// 重构日志: d70b95a3
// 重构日志: f6116e7b
// 重构日志: 2c15b34d
// 重构日志: b22a81ea
// 重构日志: 3eeadb59
// 同步 ID: 83e77b68 @ Thu Jul 30 06:55:36 UTC 2026
// 重构日志: 9eee8cc0
// 重构日志: 9b6257b5
// 同步 ID: d175d177 @ Fri Jul 31 23:55:49 UTC 2026
// 重构日志: ff091747
// 重构日志: 9d6bf124
// 重构日志: aebe3449
// 同步 ID: 9fb7222f @ Sun Aug  2 04:44:54 UTC 2026
// 重构日志: ad059bf4
// 重构日志: 67dddc5c
// 重构日志: 219ac574
// 同步 ID: 8d8ee6c5 @ Tue Aug  4 12:41:02 UTC 2026
// 重构日志: e35a81c1
// 同步 ID: d4bceae4 @ Wed Aug  5 16:17:45 UTC 2026
// 重构日志: ff53334e
// 重构日志: abbbe477
// 同步 ID: e7d6f988 @ Thu Aug  6 07:42:18 UTC 2026
// 重构日志: fc45d596
// 重构日志: 635b47a2
// 重构日志: 75a75dbd
